// Jest Snapshot v1, https://goo.gl/fbAQLP

exports[`Tasks.Components.TaskRow renders 1`] = `
<IndexListRow
  disabled={false}
  testID="table-row"
>
  <IndexListRowCell
    alignment="left"
    revealOnHover={false}
    testID="tasks-row--resource-cell"
  >
    <Component
      align="right"
      stackChildren="columns"
    >
      <a
        className="index-list--resource-name"
        href="#"
        onClick={[Function]}
      >
        pasdlak
      </a>
      <LabelContainer
        className="index-list--labels"
        limitChildCount={4}
        onEdit={[Function]}
        resourceName="this resource"
      />
    </Component>
  </IndexListRowCell>
  <IndexListRowCell
    alignment="left"
    revealOnHover={false}
    testID="table-cell"
  >
    <a
      href=""
      onClick={[Function]}
    >
      RadicalOrganization
    </a>
  </IndexListRowCell>
  <IndexListRowCell
    alignment="left"
    revealOnHover={false}
    testID="table-cell"
  >
    <t
      active={true}
      color="primary"
      disabled={false}
      onChange={[Function]}
      size="xs"
      testID="slide-toggle"
      tooltipText=""
    />
  </IndexListRowCell>
  <IndexListRowCell
    alignment="left"
    revealOnHover={false}
    testID="table-cell"
  >
    2 0 * * *
  </IndexListRowCell>
  <IndexListRowCell
    alignment="left"
    revealOnHover={false}
    testID="table-cell"
  />
  <IndexListRowCell
    alignment="right"
    revealOnHover={true}
    testID="table-cell"
  >
    <Component
      align="right"
    >
      <default_1>
        <t
          active={false}
          color="default"
          onClick={[Function]}
          shape="none"
          size="xs"
          status="default"
          testID="button"
          text="View Runs"
          type="button"
        />
      </default_1>
      <default_1>
        <t
          active={false}
          color="default"
          icon="export"
          onClick={[Function]}
          shape="none"
          size="xs"
          status="default"
          testID="button"
          text="Export"
          type="button"
        />
      </default_1>
      <t
        active={false}
        color="secondary"
        icon="duplicate"
        onClick={[Function]}
        shape="none"
        size="xs"
        status="default"
        testID="button"
        text="Clone"
        type="button"
      />
      <t
        active={false}
        color="primary"
        onClick={[Function]}
        shape="none"
        size="xs"
        status="default"
        testID="button"
        text="RunTask"
        type="button"
      />
      <ConfirmationButton
        confirmText="Confirm"
        onConfirm={[MockFunction]}
        returnValue={
          Object {
            "cron": "2 0 * * *",
            "flux": "option task = {
  name: \\"pasdlak\\",
  cron: \\"2 0 * * *\\"
}
from(bucket: \\"inbucket\\") 
|> range(start: -1h)",
            "id": "02ef9deff2141000",
            "labels": Array [],
            "name": "pasdlak",
            "orgID": "02ee9e2a29d73000",
            "organization": Object {
              "id": "02ee9e2a29d73000",
              "links": Object {
                "buckets": "/api/v2/buckets?org=RadicalOrganization",
                "dashboards": "/api/v2/dashboards?org=RadicalOrganization",
                "self": "/api/v2/orgs/02ee9e2a29d73000",
                "tasks": "/api/v2/tasks?org=RadicalOrganization",
              },
              "name": "RadicalOrganization",
            },
            "status": "active",
          }
        }
        shape="none"
        size="xs"
        status="default"
        text="Delete"
      />
    </Component>
  </IndexListRowCell>
</IndexListRow>
`;
